[
  {
    "Target": "testdata/fixtures/opensuse-leap-423.tar.gz (opensuse.leap 42.3)",
    "Vulnerabilities": null
  }
]